# serializer version: 1
# name: test_strikethrough_markdown
  '<p>Lorem <del>ipsum</del> dolor met!</p>'
# ---
