# serializer version: 1
# name: test_complete_markup_template_tag_replaces_default_spoiler_summary
  '<details><summary>Reveal spoiler</summary><p>Hello world!</p></details>'
# ---
