# serializer version: 1
# name: test_css_file_with_multiple_different_urls_is_correctly_replaced
  '''
  .page-header { background-image: url(http://cdn.example.com/bg.png); }
  .container { background-image: url("/media/themes/themedir/media/test.357c2ee3.png"); }
  .alert { background-image: url("g"); }
  '''
# ---
# name: test_quoted_url_to_file_is_replaced_with_valid_url
  '.page-header { background-image: url("/media/themes/themedir/media/test.357c2ee3.png"); }'
# ---
# name: test_relative_url_to_file_is_replaced_with_valid_url
  '.page-header { background-image: url("/media/themes/themedir/media/test.357c2ee3.png"); }'
# ---
# name: test_simple_url_to_file_is_replaced_with_valid_url
  '.page-header { background-image: url("/media/themes/themedir/media/test.357c2ee3.png"); }'
# ---
# name: test_single_quoted_url_to_file_is_replaced_with_valid_url
  '.page-header { background-image: url("/media/themes/themedir/media/test.357c2ee3.png"); }'
# ---
# name: test_url_to_file_from_create_react_app_is_replaced_with_valid_url
  '.page-header { background-image: url("/media/themes/themedir/media/test.357c2ee3.png"); }'
# ---
